Experiment: EXP-CP05
Device: cuda:0
Python: 3.12.14
PyTorch: 2.14.0+cu132
Config SHA-256: bb6052d1b90d6c69466e5b838f36cb8d5d7453dc476bb5b399df1afbf291f2fa
Selection: validation cross-entropy only

[framewise] best_epoch=11 best_val_loss=1.606753 train_seconds=22.684
epoch=01 train_loss=2.597670 val_loss=2.743998
epoch=02 train_loss=1.841670 val_loss=2.203208
epoch=03 train_loss=1.569301 val_loss=2.128290
epoch=04 train_loss=1.408632 val_loss=1.996254
epoch=05 train_loss=1.309605 val_loss=1.805351
epoch=06 train_loss=1.227067 val_loss=1.740517
epoch=07 train_loss=1.159745 val_loss=1.720216
epoch=08 train_loss=1.110331 val_loss=1.707327
epoch=09 train_loss=1.060385 val_loss=1.682354
epoch=10 train_loss=1.022645 val_loss=1.698676
epoch=11 train_loss=0.987574 val_loss=1.606753
epoch=12 train_loss=0.953624 val_loss=1.651068

[mstcn] best_epoch=11 best_val_loss=1.270316 train_seconds=31.491
epoch=01 train_loss=7.018049 val_loss=2.180570
epoch=02 train_loss=5.385467 val_loss=2.067115
epoch=03 train_loss=4.266311 val_loss=1.685046
epoch=04 train_loss=3.542953 val_loss=1.412016
epoch=05 train_loss=3.173156 val_loss=1.767119
epoch=06 train_loss=2.844912 val_loss=1.581450
epoch=07 train_loss=2.549413 val_loss=1.272947
epoch=08 train_loss=2.495021 val_loss=1.906985
epoch=09 train_loss=2.406021 val_loss=1.274696
epoch=10 train_loss=2.231510 val_loss=1.862790
epoch=11 train_loss=2.302246 val_loss=1.270316
epoch=12 train_loss=1.938001 val_loss=1.658658
